// Jest Snapshot v1, https://goo.gl/fbAQLP

exports[`Button has a valid shapshot 1`] = `
<button
  className=""
  onClick={[Function]}
  type="button"
>
  More
</button>
`;
