// Jest Snapshot v1, https://goo.gl/fbAQLP

exports[`a is running 1`] = `"aaa=====>>>>>aaa"`;
