// Jest Snapshot v1, https://goo.gl/fbAQLP

exports[`App has a valid snashot 1`] = `
<div
  className="page"
>
  <div
    className="interactions"
  >
    <form
      onSubmit={[Function]}
    >
      <input
        onChange={[Function]}
        type="text"
        value="redux"
      />
      <button
        className=""
        onClick={undefined}
        type="submit"
      >
        search
      </button>
    </form>
  </div>
  <div
    className="table"
  >
    <div
      className="table-header"
    >
      <span
        style={
          Object {
            "width": "10%",
          }
        }
      >
        <button
          className="button-inline"
          onClick={[Function]}
          type="button"
        >
          Points
        </button>
      </span>
      <span
        style={
          Object {
            "width": "50%",
          }
        }
      >
        <button
          className="button-inline"
          onClick={[Function]}
          type="button"
        >
          Title
        </button>
      </span>
      <span
        style={
          Object {
            "width": "20%",
          }
        }
      >
        <button
          className="button-inline"
          onClick={[Function]}
          type="button"
        >
          Author
        </button>
      </span>
      <span
        style={
          Object {
            "width": "10%",
          }
        }
      >
        <button
          className="button-inline"
          onClick={[Function]}
          type="button"
        >
          Comments
        </button>
      </span>
      <span
        style={
          Object {
            "width": "10%",
          }
        }
      >
        <button
          className="button-inline"
          onClick={[Function]}
          type="button"
        >
          Archive
        </button>
      </span>
    </div>
    <ul />
  </div>
  <div
    className="interactions"
  >
    <div
      className="loading-wrap"
    >
      <img
        alt="loading"
        src="logo.svg"
      />
    </div>
  </div>
</div>
`;
