// Jest Snapshot v1, https://goo.gl/fbAQLP

exports[`Table has a calid snapshot 1`] = `
<div
  className="table"
>
  <div
    className="table-header"
  >
    <span
      style={
        Object {
          "width": "10%",
        }
      }
    >
      <button
        className="button-inline"
        onClick={[Function]}
        type="button"
      >
        Points
      </button>
    </span>
    <span
      style={
        Object {
          "width": "50%",
        }
      }
    >
      <button
        className="button-inline"
        onClick={[Function]}
        type="button"
      >
        Title
      </button>
    </span>
    <span
      style={
        Object {
          "width": "20%",
        }
      }
    >
      <button
        className="button-inline"
        onClick={[Function]}
        type="button"
      >
        Author
      </button>
    </span>
    <span
      style={
        Object {
          "width": "10%",
        }
      }
    >
      <button
        className="button-inline"
        onClick={[Function]}
        type="button"
      >
        Comments
      </button>
    </span>
    <span
      style={
        Object {
          "width": "10%",
        }
      }
    >
      <button
        className="button-inline"
        onClick={[Function]}
        type="button"
      >
        Archive
      </button>
    </span>
  </div>
  <ul>
    <li
      className="table-row"
    >
      <span
        style={
          Object {
            "width": "10%",
          }
        }
      />
      <span
        style={
          Object {
            "width": "50%",
          }
        }
      >
        <a
          href={undefined}
          target="blank"
        >
          1
        </a>
      </span>
      <span
        style={
          Object {
            "width": "20%",
          }
        }
      >
        1
      </span>
      <span
        style={
          Object {
            "width": "10%",
          }
        }
      >
        1
      </span>
      <span
        style={
          Object {
            "width": "10%",
          }
        }
      >
        <button
          className="button-inline"
          onClick={[Function]}
          type="button"
        >
          [DEL]
        </button>
      </span>
    </li>
    <li
      className="table-row"
    >
      <span
        style={
          Object {
            "width": "10%",
          }
        }
      />
      <span
        style={
          Object {
            "width": "50%",
          }
        }
      >
        <a
          href={undefined}
          target="blank"
        >
          2
        </a>
      </span>
      <span
        style={
          Object {
            "width": "20%",
          }
        }
      >
        2
      </span>
      <span
        style={
          Object {
            "width": "10%",
          }
        }
      >
        2
      </span>
      <span
        style={
          Object {
            "width": "10%",
          }
        }
      >
        <button
          className="button-inline"
          onClick={[Function]}
          type="button"
        >
          [DEL]
        </button>
      </span>
    </li>
  </ul>
</div>
`;
