// Jest Snapshot v1, https://goo.gl/fbAQLP

exports[`Loading has a calid snapshot 1`] = `
<div
  className="loading-wrap"
>
  is loading
</div>
`;
